Write a 500-word blog post on climate change

Blog post: