Generate a tweet about the topic climate change with a positive sentiment.

Examples:
- foo
- foo
- foo
