Summarize the following document:

the cat be run

Summary: