Summarize the following documents:

A first paragraph talking about AI

A second paragraph talking about climate change

A third paragraph talking about retrogaming

Summary: