# serializer version: 1
# name: test_exposed_api
  list([
    'Application',
    'ApplicationsRegistry',
    'BaseSetting',
    'ConfigurationBuilder',
    'Definition',
    'DisableableBaseSettings',
    'DisabledSettings',
    'EVENT_BIND',
    'EVENT_BOUND',
    'EVENT_READY',
    'EVENT_SHUTDOWN',
    'FromFileSetting',
    'Lazy',
    'OnBindEvent',
    'OnBoundEvent',
    'OnReadyEvent',
    'OnShutdownEvent',
    'System',
    'SystemBuilder',
    'applications',
    'asdict',
    'builders',
    'defaults',
    'events',
    'examples',
    'get_application',
    'settings',
    'settings_dataclass',
    'tests',
    'utils',
  ])
# ---
